src/app/api/admin/disputes/route.ts(40,23): error TS2339: Property 'createdAt' does not exist on type '{ id: string; }'.
src/app/api/admin/disputes/route.ts(40,46): error TS2339: Property 'createdAt' does not exist on type '{ id: string; }'.
src/app/api/admin/disputes/route.ts(41,23): error TS2339: Property 'createdAt' does not exist on type '{ id: string; }'.
src/app/api/admin/disputes/route.ts(41,46): error TS2339: Property 'createdAt' does not exist on type '{ id: string; }'.
